// Jest Snapshot v1, https://goo.gl/fbAQLP

exports[`<Root /> should render the component on valid props 1`] = `
<styled.div>
  Hello, World!
</styled.div>
`;
