// Jest Snapshot v1, https://goo.gl/fbAQLP

exports[`<Loading /> should render the component on valid props 1`] = `
<span>
  Loading
</span>
`;
