// Jest Snapshot v1, https://goo.gl/fbAQLP

exports[`<Copyright /> should render the component on valid props 1`] = `
<styled.span>
  Hello, World!
</styled.span>
`;
