// Jest Snapshot v1, https://goo.gl/fbAQLP

exports[`<Divider /> should render the component on valid props 1`] = `<styled.span />`;
